2026-02-11T10:22:28.6837326+02:00 [INF] ╔════════════════════════════════════════════════════════════╗
2026-02-11T10:22:28.8340450+02:00 [INF] ║   Student Assessment Tracker - Application Started        ║
2026-02-11T10:22:28.8364514+02:00 [INF] ║   🚀 Running on: http://localhost:5000                    ║
2026-02-11T10:22:28.8372324+02:00 [INF] ║   📊 API Base: http://localhost:5000/api                  ║
2026-02-11T10:22:28.8379178+02:00 [INF] ║   ✨ Autocomplete enabled on all forms                    ║
2026-02-11T10:22:28.8388044+02:00 [INF] ╚════════════════════════════════════════════════════════════╝
2026-02-11T10:23:45.9808410+02:00 [INF] HTTP GET /index.html responded 200 in 2289.0234 ms
2026-02-11T10:23:46.3006599+02:00 [INF] HTTP GET /styles-5INURTSO.css responded 200 in 0.6065 ms
2026-02-11T10:23:47.8963943+02:00 [INF] HTTP GET /main-3YCCFNNA.js responded 200 in 1628.3996 ms
2026-02-11T10:23:52.7938537+02:00 [INF] Fetching all students with sort order: 
2026-02-11T10:23:53.5761081+02:00 [INF] Successfully retrieved 0 students
2026-02-11T10:23:53.7143773+02:00 [INF] HTTP GET /api/students responded 200 in 5107.8879 ms
2026-02-11T15:36:01.1176343+02:00 [INF] ╔════════════════════════════════════════════════════════════╗
2026-02-11T15:36:01.1678833+02:00 [INF] ║   Student Assessment Tracker - Application Started        ║
2026-02-11T15:36:01.1702081+02:00 [INF] ║   🚀 Running on: http://localhost:5000                    ║
2026-02-11T15:36:01.1709230+02:00 [INF] ║   📊 API Base: http://localhost:5000/api                  ║
2026-02-11T15:36:01.1715891+02:00 [INF] ║   ✨ Autocomplete enabled on all forms                    ║
2026-02-11T15:36:01.1722509+02:00 [INF] ╚════════════════════════════════════════════════════════════╝
2026-02-11T15:36:47.9478918+02:00 [INF] ╔════════════════════════════════════════════════════════════╗
2026-02-11T15:36:47.9823082+02:00 [INF] ║   Student Assessment Tracker - Application Started        ║
2026-02-11T15:36:47.9825070+02:00 [INF] ║   🚀 Running on: http://localhost:5000                    ║
2026-02-11T15:36:47.9825475+02:00 [INF] ║   📊 API Base: http://localhost:5000/api                  ║
2026-02-11T15:36:47.9825772+02:00 [INF] ║   ✨ Autocomplete enabled on all forms                    ║
2026-02-11T15:36:47.9826043+02:00 [INF] ╚════════════════════════════════════════════════════════════╝
2026-02-11T15:37:38.4175516+02:00 [INF] ╔════════════════════════════════════════════════════════════╗
2026-02-11T15:37:38.4531376+02:00 [INF] ║   Student Assessment Tracker - Application Started        ║
2026-02-11T15:37:38.4545314+02:00 [INF] ║   🚀 Running on: http://localhost:5000                    ║
2026-02-11T15:37:38.4554716+02:00 [INF] ║   📊 API Base: http://localhost:5000/api                  ║
2026-02-11T15:37:38.4563510+02:00 [INF] ║   ✨ Autocomplete enabled on all forms                    ║
2026-02-11T15:37:38.4571701+02:00 [INF] ╚════════════════════════════════════════════════════════════╝
